---
http_interactions:
- request:
    method: post
    uri: http://localhost:6000/api/v1/identity/login
    body:
      encoding: UTF-8
      string: '{"name":"volcanic","secret":"volcanic!123","dataset_id":"-1"}'
    headers:
      Authorization:
      - Bearer
      Content-Type:
      - application/json
  response:
    status:
      code: 200
      message: OK
    headers:
      X-Powered-By:
      - Express
      Content-Type:
      - application/json; charset=utf-8
      Content-Length:
      - '526'
      Etag:
      - W/"20e-1l5vWxlFQ1ZMXnMo9N92/P7e+us"
      Cache-Control:
      - no-cache
      Vary:
      - accept-encoding
      Date:
      - Mon, 21 Oct 2019 07:49:01 GMT
      Connection:
      - keep-alive
    body:
      encoding: UTF-8
      string: '{"requestID":"offline_awsRequestId_3061938404189586","response":{"token":"eyJhbGciOiJFUzUxMiIsInR5cCI6IkpXVCIsImtpZCI6ImE1ZjUzZmEyNWYyZjgyYTM4NDNjNGFmMTFiZDgwMWExIn0.eyJleHAiOjE1NzE2NDQ3NDEsInN1YiI6InVzZXI6Ly9zYW5kYm94Ly0xLzEvMS8yIiwibmJmIjoxNTcxNjQ0MTQxLCJhdWRpZW5jZSI6WyIqIl0sImlhdCI6MTU3MTY0NDE0MSwiaXNzIjoidm9sY2FuaWNfYXV0aF9zZXJ2aWNlX2FwMiJ9.AE2kAQUMGU7sxxJHYBgSK1-eTnVFBKpAHxgSu-toWJjqSzmP92aUe5kMqgMExdXWSGB1dZTHgwm8WeTDhwT7u7sEAJBlRNNUqC1rU0dBzL6pM_Lz0FiQ1JjHiGbNqfopLJ0ZmYvV2Zl6l3OkdvU0oMhEdV21ujHiQI3ReIDz5Qdef9HT"}}'
    http_version: 
  recorded_at: Mon, 21 Oct 2019 07:49:01 GMT
- request:
    method: post
    uri: http://localhost:6000/api/v1/identity
    body:
      encoding: UTF-8
      string: '{"name":"mock_name","principal_id":"principal_id","skip_secret_encryption":false,"secret":"mock_secret","privileges":[],"roles":[]}'
    headers:
      Authorization:
      - Bearer eyJhbGciOiJFUzUxMiIsInR5cCI6IkpXVCIsImtpZCI6ImE1ZjUzZmEyNWYyZjgyYTM4NDNjNGFmMTFiZDgwMWExIn0.eyJleHAiOjE1NzE2NDQ3NDEsInN1YiI6InVzZXI6Ly9zYW5kYm94Ly0xLzEvMS8yIiwibmJmIjoxNTcxNjQ0MTQxLCJhdWRpZW5jZSI6WyIqIl0sImlhdCI6MTU3MTY0NDE0MSwiaXNzIjoidm9sY2FuaWNfYXV0aF9zZXJ2aWNlX2FwMiJ9.AE2kAQUMGU7sxxJHYBgSK1-eTnVFBKpAHxgSu-toWJjqSzmP92aUe5kMqgMExdXWSGB1dZTHgwm8WeTDhwT7u7sEAJBlRNNUqC1rU0dBzL6pM_Lz0FiQ1JjHiGbNqfopLJ0ZmYvV2Zl6l3OkdvU0oMhEdV21ujHiQI3ReIDz5Qdef9HT
      Content-Type:
      - application/json
  response:
    status:
      code: 201
      message: Created
    headers:
      X-Powered-By:
      - Express
      Content-Type:
      - application/json; charset=utf-8
      Content-Length:
      - '246'
      Etag:
      - W/"f6-7YPlao/fLM/qVJR1T4DiWxBRtCk"
      Cache-Control:
      - no-cache
      Vary:
      - accept-encoding
      Date:
      - Mon, 21 Oct 2019 07:49:02 GMT
      Connection:
      - keep-alive
    body:
      encoding: UTF-8
      string: '{"requestID":"offline_awsRequestId_1533908385132361","response":{"name":"mock_name","principal_id":3,"source":null,"secure_id":"d369801ea2","dataset_id":"90","updated_at":"2019-10-21T07:49:01.751Z","created_at":"2019-10-21T07:49:01.751Z","id":7}}'
    http_version: 
  recorded_at: Mon, 21 Oct 2019 07:49:02 GMT
- request:
    method: delete
    uri: http://localhost:6000/api/v1/identity/d369801ea2
    body:
      encoding: US-ASCII
      string: ''
    headers:
      Authorization:
      - Bearer eyJhbGciOiJFUzUxMiIsInR5cCI6IkpXVCIsImtpZCI6ImE1ZjUzZmEyNWYyZjgyYTM4NDNjNGFmMTFiZDgwMWExIn0.eyJleHAiOjE1NzE2NDQ3NDEsInN1YiI6InVzZXI6Ly9zYW5kYm94Ly0xLzEvMS8yIiwibmJmIjoxNTcxNjQ0MTQxLCJhdWRpZW5jZSI6WyIqIl0sImlhdCI6MTU3MTY0NDE0MSwiaXNzIjoidm9sY2FuaWNfYXV0aF9zZXJ2aWNlX2FwMiJ9.AE2kAQUMGU7sxxJHYBgSK1-eTnVFBKpAHxgSu-toWJjqSzmP92aUe5kMqgMExdXWSGB1dZTHgwm8WeTDhwT7u7sEAJBlRNNUqC1rU0dBzL6pM_Lz0FiQ1JjHiGbNqfopLJ0ZmYvV2Zl6l3OkdvU0oMhEdV21ujHiQI3ReIDz5Qdef9HT
      Content-Type:
      - application/json
  response:
    status:
      code: 200
      message: OK
    headers:
      X-Powered-By:
      - Express
      Content-Type:
      - application/json; charset=utf-8
      Content-Length:
      - '112'
      Etag:
      - W/"70-7ScPzEjF2A2XNZGhlauBoPaWiqg"
      Cache-Control:
      - no-cache
      Vary:
      - accept-encoding
      Date:
      - Mon, 21 Oct 2019 07:49:02 GMT
      Connection:
      - keep-alive
    body:
      encoding: UTF-8
      string: '{"requestID":"offline_awsRequestId_4131293960073892","response":{"message":"Successfully
        deactivated identity"}}'
    http_version: 
  recorded_at: Mon, 21 Oct 2019 07:49:02 GMT
- request:
    method: delete
    uri: http://localhost:6000/api/v1/identity/d369801ea2
    body:
      encoding: US-ASCII
      string: ''
    headers:
      Authorization:
      - Bearer eyJhbGciOiJFUzUxMiIsInR5cCI6IkpXVCIsImtpZCI6ImE1ZjUzZmEyNWYyZjgyYTM4NDNjNGFmMTFiZDgwMWExIn0.eyJleHAiOjE1NzE2NDQ3NDEsInN1YiI6InVzZXI6Ly9zYW5kYm94Ly0xLzEvMS8yIiwibmJmIjoxNTcxNjQ0MTQxLCJhdWRpZW5jZSI6WyIqIl0sImlhdCI6MTU3MTY0NDE0MSwiaXNzIjoidm9sY2FuaWNfYXV0aF9zZXJ2aWNlX2FwMiJ9.AE2kAQUMGU7sxxJHYBgSK1-eTnVFBKpAHxgSu-toWJjqSzmP92aUe5kMqgMExdXWSGB1dZTHgwm8WeTDhwT7u7sEAJBlRNNUqC1rU0dBzL6pM_Lz0FiQ1JjHiGbNqfopLJ0ZmYvV2Zl6l3OkdvU0oMhEdV21ujHiQI3ReIDz5Qdef9HT
      Content-Type:
      - application/json
  response:
    status:
      code: 410
      message: Gone
    headers:
      X-Powered-By:
      - Express
      Content-Type:
      - application/json; charset=utf-8
      Content-Length:
      - '111'
      Etag:
      - W/"6f-nUfbn+9RBGp9KdjDJWnrqEIpGeE"
      Cache-Control:
      - no-cache
      Vary:
      - accept-encoding
      Date:
      - Mon, 21 Oct 2019 07:49:02 GMT
      Connection:
      - keep-alive
    body:
      encoding: UTF-8
      string: '{"requestID":"offline_awsRequestId_6184563992504395","message":"Identity
        already deactivated","errorCode":1004}'
    http_version: 
  recorded_at: Mon, 21 Oct 2019 07:49:02 GMT
recorded_with: VCR 5.0.0
