---
http_interactions:
- request:
    method: post
    uri: http://0.0.0.0:3003/api/v1/services
    body:
      encoding: UTF-8
      string: '{"name":"mock_name"}'
    headers:
      Authorization:
      - Bearer eyJhbGciOiJFUzUxMiIsInR5cCI6IkpXVCIsImtpZCI6ImE1ZjUzZmEyNWYyZjgyYTM4NDNjNGFmMTFiZDgwMWExIn0.eyJleHAiOjE1NjY1ODY5MzEsInN1YiI6InVzZXI6Ly9zYW5kYm94Ly0xLzEvMS8yIiwibmJmIjoxNTY2MzcwOTMxLCJhdWRpZW5jZSI6WyIqIl0sImlhdCI6MTU2NjM3MDkzMSwiaXNzIjoidm9sY2FuaWNfYXV0aF9zZXJ2aWNlX2FwMiJ9.AAgw91SZitSWuMHQU3t6CjeBtyBA7kfLGV7564azekCCO8mhkB3ALbaReSgaeH8AvfJd1GPAW-aTscFkEHzKHEyXAFPdn_EwE0sFnoKHeM_3M2UtMKyhrecZcxPIU2x7mXhmy0-EkA0Wxmw5X6CmonQCdg-X_RIouEKmUpCO14ZFramg
      Content-Type:
      - application/json
  response:
    status:
      code: 201
      message: Created
    headers:
      X-Powered-By:
      - Express
      Content-Type:
      - application/json; charset=utf-8
      Content-Length:
      - '192'
      Etag:
      - W/"c0-tqUkt/5xDgyJd2FnDuR4yDawJBI"
      Cache-Control:
      - no-cache
      Vary:
      - accept-encoding
      Date:
      - Wed, 21 Aug 2019 07:25:01 GMT
      Connection:
      - keep-alive
    body:
      encoding: UTF-8
      string: '{"requestID":"offline_awsRequestId_034970171631025115","response":{"name":"mock_name","subject_id":"2","updated_at":"2019-08-21T07:25:01.179Z","created_at":"2019-08-21T07:25:01.179Z","id":27}}'
    http_version: 
  recorded_at: Wed, 21 Aug 2019 07:25:01 GMT
- request:
    method: delete
    uri: http://0.0.0.0:3003/api/v1/services/27
    body:
      encoding: US-ASCII
      string: ''
    headers:
      Authorization:
      - Bearer eyJhbGciOiJFUzUxMiIsInR5cCI6IkpXVCIsImtpZCI6ImE1ZjUzZmEyNWYyZjgyYTM4NDNjNGFmMTFiZDgwMWExIn0.eyJleHAiOjE1NjY1ODY5MzEsInN1YiI6InVzZXI6Ly9zYW5kYm94Ly0xLzEvMS8yIiwibmJmIjoxNTY2MzcwOTMxLCJhdWRpZW5jZSI6WyIqIl0sImlhdCI6MTU2NjM3MDkzMSwiaXNzIjoidm9sY2FuaWNfYXV0aF9zZXJ2aWNlX2FwMiJ9.AAgw91SZitSWuMHQU3t6CjeBtyBA7kfLGV7564azekCCO8mhkB3ALbaReSgaeH8AvfJd1GPAW-aTscFkEHzKHEyXAFPdn_EwE0sFnoKHeM_3M2UtMKyhrecZcxPIU2x7mXhmy0-EkA0Wxmw5X6CmonQCdg-X_RIouEKmUpCO14ZFramg
      Content-Type:
      - application/json
  response:
    status:
      code: 200
      message: OK
    headers:
      X-Powered-By:
      - Express
      Content-Type:
      - application/json; charset=utf-8
      Content-Length:
      - '99'
      Etag:
      - W/"63-/dgn3fXd4ihUCiuf4CaC4QV4sWU"
      Cache-Control:
      - no-cache
      Vary:
      - accept-encoding
      Date:
      - Wed, 21 Aug 2019 07:25:01 GMT
      Connection:
      - keep-alive
    body:
      encoding: UTF-8
      string: '{"requestID":"offline_awsRequestId_6503134578119574","response":{"message":"Successfully
        deleted"}}'
    http_version: 
  recorded_at: Wed, 21 Aug 2019 07:25:01 GMT
- request:
    method: get
    uri: http://0.0.0.0:3003/api/v1/services/27
    body:
      encoding: US-ASCII
      string: ''
    headers:
      Authorization:
      - Bearer eyJhbGciOiJFUzUxMiIsInR5cCI6IkpXVCIsImtpZCI6ImE1ZjUzZmEyNWYyZjgyYTM4NDNjNGFmMTFiZDgwMWExIn0.eyJleHAiOjE1NjY1ODY5MzEsInN1YiI6InVzZXI6Ly9zYW5kYm94Ly0xLzEvMS8yIiwibmJmIjoxNTY2MzcwOTMxLCJhdWRpZW5jZSI6WyIqIl0sImlhdCI6MTU2NjM3MDkzMSwiaXNzIjoidm9sY2FuaWNfYXV0aF9zZXJ2aWNlX2FwMiJ9.AAgw91SZitSWuMHQU3t6CjeBtyBA7kfLGV7564azekCCO8mhkB3ALbaReSgaeH8AvfJd1GPAW-aTscFkEHzKHEyXAFPdn_EwE0sFnoKHeM_3M2UtMKyhrecZcxPIU2x7mXhmy0-EkA0Wxmw5X6CmonQCdg-X_RIouEKmUpCO14ZFramg
      Content-Type:
      - application/json
  response:
    status:
      code: 200
      message: OK
    headers:
      X-Powered-By:
      - Express
      Content-Type:
      - application/json; charset=utf-8
      Content-Length:
      - '203'
      Etag:
      - W/"cb-H4jkhX6rbaqDQs4MIonrrZEhA38"
      Cache-Control:
      - no-cache
      Vary:
      - accept-encoding
      Accept-Ranges:
      - bytes
      Date:
      - Wed, 21 Aug 2019 07:25:01 GMT
      Connection:
      - keep-alive
    body:
      encoding: UTF-8
      string: '{"requestID":"offline_awsRequestId_8720235892781882","response":{"id":27,"name":"mock_name","active":false,"subject_id":2,"created_at":"2019-08-21T07:25:01.179Z","updated_at":"2019-08-21T07:25:01.232Z"}}'
    http_version: 
  recorded_at: Wed, 21 Aug 2019 07:25:01 GMT
recorded_with: VCR 5.0.0
