---
http_interactions:
- request:
    method: post
    uri: http://localhost:6000/api/v1/identity/login
    body:
      encoding: UTF-8
      string: '{"name":"volcanic","secret":"volcanic!123","dataset_id":"-1","audience":["*"]}'
    headers:
      Authorization:
      - Bearer
      Content-Type:
      - application/json
  response:
    status:
      code: 200
      message: OK
    headers:
      X-Powered-By:
      - Express
      X-Auth-Request-Id:
      - offline_awsRequestId_5237187244985115
      Content-Type:
      - application/json; charset=utf-8
      Content-Length:
      - '542'
      Etag:
      - W/"21e-vwJxLpElG8sZ1ro1Gs5xf4qAwJU"
      Cache-Control:
      - no-cache
      Vary:
      - accept-encoding
      Date:
      - Tue, 21 Jan 2020 04:03:44 GMT
      Connection:
      - keep-alive
    body:
      encoding: UTF-8
      string: '{"requestID":"offline_awsRequestId_5237187244985115","response":{"token":"eyJhbGciOiJFUzUxMiIsInR5cCI6IkpXVCIsImtpZCI6ImE1ZjUzZmEyNWYyZjgyYTM4NDNjNGFmMTFiZDgwMWExIn0.eyJleHAiOjc1Nzk1Nzk0MjQsInN1YiI6InVzZXI6Ly9zYW5kYm94Ly0xL3ZvbGNhbmljL3ZvbGNhbmljIiwibmJmIjoxNTc5NTc5NDI0LCJhdWRpZW5jZSI6WyIqIl0sImlhdCI6MTU3OTU3OTQyNCwiaXNzIjoidm9sY2FuaWNfYXV0aF9zZXJ2aWNlX2FwMiJ9.AYmcOGmcKuTjuA3PZUwkvwRRnBOwxNCw9UiS35H5wkkcB3gZ2qnm-AHoxLlVdWcAZKrQFmEIeMKWW3nw7aCo5k3HAOz7i0iwpCcgV-bqf1LoB4d3B12ZOeDVn0W-Ie0k9x0fEFvQXU9oJAWTT-f2Tj9LUPvNFRR7CQJdb-b6Maq7YSw0"}}'
    http_version: 
  recorded_at: Tue, 21 Jan 2020 04:03:44 GMT
- request:
    method: post
    uri: http://localhost:6000/api/v1/privileges
    body:
      encoding: UTF-8
      string: '{"scope":null,"permission_id":null,"group_id":null,"allow":true}'
    headers:
      Authorization:
      - Bearer eyJhbGciOiJFUzUxMiIsInR5cCI6IkpXVCIsImtpZCI6ImE1ZjUzZmEyNWYyZjgyYTM4NDNjNGFmMTFiZDgwMWExIn0.eyJleHAiOjc1Nzk1Nzk0MjQsInN1YiI6InVzZXI6Ly9zYW5kYm94Ly0xL3ZvbGNhbmljL3ZvbGNhbmljIiwibmJmIjoxNTc5NTc5NDI0LCJhdWRpZW5jZSI6WyIqIl0sImlhdCI6MTU3OTU3OTQyNCwiaXNzIjoidm9sY2FuaWNfYXV0aF9zZXJ2aWNlX2FwMiJ9.AYmcOGmcKuTjuA3PZUwkvwRRnBOwxNCw9UiS35H5wkkcB3gZ2qnm-AHoxLlVdWcAZKrQFmEIeMKWW3nw7aCo5k3HAOz7i0iwpCcgV-bqf1LoB4d3B12ZOeDVn0W-Ie0k9x0fEFvQXU9oJAWTT-f2Tj9LUPvNFRR7CQJdb-b6Maq7YSw0
      Content-Type:
      - application/json
  response:
    status:
      code: 422
      message: Unprocessable Entity
    headers:
      X-Powered-By:
      - Express
      Content-Type:
      - application/json; charset=utf-8
      Content-Length:
      - '169'
      Etag:
      - W/"a9-E+0Ja+YiUR1zuLcemuxYpr4k9g0"
      Cache-Control:
      - no-cache
      Vary:
      - accept-encoding
      Date:
      - Tue, 21 Jan 2020 04:03:45 GMT
      Connection:
      - keep-alive
    body:
      encoding: UTF-8
      string: '{"requestID":"offline_awsRequestId_4439713754253587","message":{"scope":"scope
        does not match the required pattern (ex: vrn:{stack}:{dataset}:jobs/*"},"errorCode":10001}'
    http_version: 
  recorded_at: Tue, 21 Jan 2020 04:03:45 GMT
- request:
    method: post
    uri: http://localhost:6000/api/v1/privileges
    body:
      encoding: UTF-8
      string: '{"scope":"","permission_id":null,"group_id":null,"allow":true}'
    headers:
      Authorization:
      - Bearer eyJhbGciOiJFUzUxMiIsInR5cCI6IkpXVCIsImtpZCI6ImE1ZjUzZmEyNWYyZjgyYTM4NDNjNGFmMTFiZDgwMWExIn0.eyJleHAiOjc1Nzk1Nzk0MjQsInN1YiI6InVzZXI6Ly9zYW5kYm94Ly0xL3ZvbGNhbmljL3ZvbGNhbmljIiwibmJmIjoxNTc5NTc5NDI0LCJhdWRpZW5jZSI6WyIqIl0sImlhdCI6MTU3OTU3OTQyNCwiaXNzIjoidm9sY2FuaWNfYXV0aF9zZXJ2aWNlX2FwMiJ9.AYmcOGmcKuTjuA3PZUwkvwRRnBOwxNCw9UiS35H5wkkcB3gZ2qnm-AHoxLlVdWcAZKrQFmEIeMKWW3nw7aCo5k3HAOz7i0iwpCcgV-bqf1LoB4d3B12ZOeDVn0W-Ie0k9x0fEFvQXU9oJAWTT-f2Tj9LUPvNFRR7CQJdb-b6Maq7YSw0
      Content-Type:
      - application/json
  response:
    status:
      code: 422
      message: Unprocessable Entity
    headers:
      X-Powered-By:
      - Express
      Content-Type:
      - application/json; charset=utf-8
      Content-Length:
      - '170'
      Etag:
      - W/"aa-41AAjHIzYIy7UFg3YspbiZ2Sarc"
      Cache-Control:
      - no-cache
      Vary:
      - accept-encoding
      Date:
      - Tue, 21 Jan 2020 04:03:45 GMT
      Connection:
      - keep-alive
    body:
      encoding: UTF-8
      string: '{"requestID":"offline_awsRequestId_27186399855679433","message":{"scope":"scope
        does not match the required pattern (ex: vrn:{stack}:{dataset}:jobs/*"},"errorCode":10001}'
    http_version: 
  recorded_at: Tue, 21 Jan 2020 04:03:45 GMT
recorded_with: VCR 5.0.0
