---
http_interactions:
- request:
    method: post
    uri: http://localhost:6000/api/v1/identity/login
    body:
      encoding: UTF-8
      string: '{"name":"volcanic","secret":"volcanic!123","dataset_id":"-1","aud":["*"]}'
    headers:
      Authorization:
      - Bearer
      Content-Type:
      - application/json
  response:
    status:
      code: 200
      message: OK
    headers:
      X-Powered-By:
      - Express
      X-Auth-Request-Id:
      - undefined
      Content-Type:
      - application/json; charset=utf-8
      Content-Length:
      - '490'
      Etag:
      - W/"1ea-Qm3nO/j1S7UtU5uENfUX++eOnHE"
      Date:
      - Thu, 05 Dec 2019 07:16:23 GMT
      Connection:
      - keep-alive
    body:
      encoding: UTF-8
      string: '{"response":{"token":"eyJhbGciOiJFUzUxMiIsInR5cCI6IkpXVCIsImtpZCI6ImE1ZjUzZmEyNWYyZjgyYTM4NDNjNGFmMTFiZDgwMWExIn0.eyJleHAiOjc1NzU1MzAxODMsInN1YiI6InVzZXI6Ly9zYW5kYm94Ly0xL3ZvbGNhbmljL3ZvbGNhbmljIiwibmJmIjoxNTc1NTMwMTgzLCJhdWRpZW5jZSI6WyIqIl0sImlhdCI6MTU3NTUzMDE4MywiaXNzIjoidm9sY2FuaWNfYXV0aF9zZXJ2aWNlX2FwMiJ9.AUbVZnQM7m5FPKzzbe2Ji76anYD6dae-EoeWZ41LAPMdBsFbKnKqiuOjdXhFEl-b17flz1x-48oiddmrQN_pE-syAORZixLQX0doz9IzNFI2S1P_K54aiphCq5V1zF0EcTI3_WJ90h5GLTTLKWrkKQR6mc6JB4vwMNGeDTwTF_HUnW0P"}}'
    http_version: 
  recorded_at: Thu, 05 Dec 2019 07:16:23 GMT
- request:
    method: post
    uri: http://localhost:6000/api/v1/identity
    body:
      encoding: UTF-8
      string: '{"source":"password","secret":"mock_secret","skip_secret_encryption":false,"privileges":[],"roles":[],"secretless":false,"name":"mock_name","principal_id":"principal_id"}'
    headers:
      Authorization:
      - Bearer eyJhbGciOiJFUzUxMiIsInR5cCI6IkpXVCIsImtpZCI6ImE1ZjUzZmEyNWYyZjgyYTM4NDNjNGFmMTFiZDgwMWExIn0.eyJleHAiOjc1NzU1MzAxODMsInN1YiI6InVzZXI6Ly9zYW5kYm94Ly0xL3ZvbGNhbmljL3ZvbGNhbmljIiwibmJmIjoxNTc1NTMwMTgzLCJhdWRpZW5jZSI6WyIqIl0sImlhdCI6MTU3NTUzMDE4MywiaXNzIjoidm9sY2FuaWNfYXV0aF9zZXJ2aWNlX2FwMiJ9.AUbVZnQM7m5FPKzzbe2Ji76anYD6dae-EoeWZ41LAPMdBsFbKnKqiuOjdXhFEl-b17flz1x-48oiddmrQN_pE-syAORZixLQX0doz9IzNFI2S1P_K54aiphCq5V1zF0EcTI3_WJ90h5GLTTLKWrkKQR6mc6JB4vwMNGeDTwTF_HUnW0P
      Content-Type:
      - application/json
  response:
    status:
      code: 201
      message: Created
    headers:
      X-Powered-By:
      - Express
      X-Auth-Request-Id:
      - undefined
      Content-Type:
      - application/json; charset=utf-8
      Content-Length:
      - '200'
      Etag:
      - W/"c8-gvirWyxU//3NzQi6EgibAcNzTlY"
      Date:
      - Thu, 05 Dec 2019 07:16:23 GMT
      Connection:
      - keep-alive
    body:
      encoding: UTF-8
      string: '{"response":{"name":"mock_name","principal_id":2,"source":"password","secure_id":"62de07a262","dataset_id":"90","updated_at":"2019-12-05T07:16:23.137Z","created_at":"2019-12-05T07:16:23.137Z","id":3}}'
    http_version: 
  recorded_at: Thu, 05 Dec 2019 07:16:23 GMT
- request:
    method: post
    uri: http://localhost:6000/api/v1/identity/62de07a262/activate
    body:
      encoding: UTF-8
      string: "{}"
    headers:
      Authorization:
      - Bearer eyJhbGciOiJFUzUxMiIsInR5cCI6IkpXVCIsImtpZCI6ImE1ZjUzZmEyNWYyZjgyYTM4NDNjNGFmMTFiZDgwMWExIn0.eyJleHAiOjc1NzU1MzAxODMsInN1YiI6InVzZXI6Ly9zYW5kYm94Ly0xL3ZvbGNhbmljL3ZvbGNhbmljIiwibmJmIjoxNTc1NTMwMTgzLCJhdWRpZW5jZSI6WyIqIl0sImlhdCI6MTU3NTUzMDE4MywiaXNzIjoidm9sY2FuaWNfYXV0aF9zZXJ2aWNlX2FwMiJ9.AUbVZnQM7m5FPKzzbe2Ji76anYD6dae-EoeWZ41LAPMdBsFbKnKqiuOjdXhFEl-b17flz1x-48oiddmrQN_pE-syAORZixLQX0doz9IzNFI2S1P_K54aiphCq5V1zF0EcTI3_WJ90h5GLTTLKWrkKQR6mc6JB4vwMNGeDTwTF_HUnW0P
      Content-Type:
      - application/json
  response:
    status:
      code: 200
      message: OK
    headers:
      X-Powered-By:
      - Express
      X-Auth-Request-Id:
      - undefined
      Content-Type:
      - application/json; charset=utf-8
      Content-Length:
      - '58'
      Etag:
      - W/"3a-SyxtQZTs5YdV1gGSNehnQhouXPs"
      Date:
      - Thu, 05 Dec 2019 07:16:23 GMT
      Connection:
      - keep-alive
    body:
      encoding: UTF-8
      string: '{"response":{"message":"Successfully activated Identity"}}'
    http_version: 
  recorded_at: Thu, 05 Dec 2019 07:16:23 GMT
recorded_with: VCR 5.0.0
