---
http_interactions:
- request:
    method: post
    uri: http://localhost:6000/api/v1/identity/login
    body:
      encoding: UTF-8
      string: '{"name":"volcanic","secret":"volcanic!123","dataset_id":"-1","audience":["*"]}'
    headers:
      Authorization:
      - Bearer
      Content-Type:
      - application/json
  response:
    status:
      code: 200
      message: OK
    headers:
      X-Powered-By:
      - Express
      Access-Control-Allow-Origin:
      - "*"
      X-Auth-Request-Id:
      - offline_awsRequestId_8804543183555462
      Content-Type:
      - application/json; charset=utf-8
      Content-Length:
      - '542'
      Etag:
      - W/"21e-li18Zxci2MpqA2qs5Beu+w4lF4s"
      Cache-Control:
      - no-cache
      Vary:
      - accept-encoding
      Date:
      - Tue, 04 Feb 2020 07:42:54 GMT
      Connection:
      - keep-alive
    body:
      encoding: UTF-8
      string: '{"requestID":"offline_awsRequestId_8804543183555462","response":{"token":"eyJhbGciOiJFUzUxMiIsInR5cCI6IkpXVCIsImtpZCI6ImE1ZjUzZmEyNWYyZjgyYTM4NDNjNGFmMTFiZDgwMWExIn0.eyJleHAiOjc1ODA4MDIxNzQsInN1YiI6InVzZXI6Ly9zYW5kYm94Ly0xL3ZvbGNhbmljL3ZvbGNhbmljIiwibmJmIjoxNTgwODAyMTc0LCJhdWRpZW5jZSI6WyIqIl0sImlhdCI6MTU4MDgwMjE3NCwiaXNzIjoidm9sY2FuaWNfYXV0aF9zZXJ2aWNlX2FwMiJ9.AVIvFCrEbv34qXniQ-Ot7MXuR9AbXaLnPWQyRAYruCs01nzZt4jxfN3a7lShwyToA5CLB4HQSCaF6JUwZz4tpCeNAO_QTT8oJIZ37SKTuHnzUcOzeSz97O10qtP_qq1aNqF6_b3zht6JmIjnSTuk0U5B2BxGWtRXgcK8QzqELEwJd7JU"}}'
    http_version: 
  recorded_at: Tue, 04 Feb 2020 07:42:54 GMT
- request:
    method: post
    uri: http://localhost:6000/api/v1/identity
    body:
      encoding: UTF-8
      string: '{"source":"password","secret":null,"skip_secret_encryption":false,"privileges":[],"roles":[],"secretless":false,"name":"mock_name","principal_id":"principal_id"}'
    headers:
      Authorization:
      - Bearer eyJhbGciOiJFUzUxMiIsInR5cCI6IkpXVCIsImtpZCI6ImE1ZjUzZmEyNWYyZjgyYTM4NDNjNGFmMTFiZDgwMWExIn0.eyJleHAiOjc1ODA4MDIxNzQsInN1YiI6InVzZXI6Ly9zYW5kYm94Ly0xL3ZvbGNhbmljL3ZvbGNhbmljIiwibmJmIjoxNTgwODAyMTc0LCJhdWRpZW5jZSI6WyIqIl0sImlhdCI6MTU4MDgwMjE3NCwiaXNzIjoidm9sY2FuaWNfYXV0aF9zZXJ2aWNlX2FwMiJ9.AVIvFCrEbv34qXniQ-Ot7MXuR9AbXaLnPWQyRAYruCs01nzZt4jxfN3a7lShwyToA5CLB4HQSCaF6JUwZz4tpCeNAO_QTT8oJIZ37SKTuHnzUcOzeSz97O10qtP_qq1aNqF6_b3zht6JmIjnSTuk0U5B2BxGWtRXgcK8QzqELEwJd7JU
      Content-Type:
      - application/json
  response:
    status:
      code: 201
      message: Created
    headers:
      X-Powered-By:
      - Express
      Access-Control-Allow-Origin:
      - "*"
      X-Auth-Request-Id:
      - offline_awsRequestId_22880898539488337
      Content-Type:
      - application/json; charset=utf-8
      Content-Length:
      - '244'
      Etag:
      - W/"f4-zjpP4rqEdnmqR3ZVoG8/9vaVKoY"
      Cache-Control:
      - no-cache
      Vary:
      - accept-encoding
      Date:
      - Tue, 04 Feb 2020 07:42:54 GMT
      Connection:
      - keep-alive
    body:
      encoding: UTF-8
      string: '{"requestID":"offline_awsRequestId_22880898539488337","response":{"name":"mock_name","secret":"8+7jap0vJ;","source":"password","dataset_id":"90","updated_at":"2020-02-04T07:42:54.269Z","created_at":"2020-02-04T07:42:54.269Z","id":"e6d7e97ac0"}}'
    http_version: 
  recorded_at: Tue, 04 Feb 2020 07:42:54 GMT
- request:
    method: post
    uri: http://localhost:6000/api/v1/identity/e6d7e97ac0/activate
    body:
      encoding: UTF-8
      string: "{}"
    headers:
      Authorization:
      - Bearer eyJhbGciOiJFUzUxMiIsInR5cCI6IkpXVCIsImtpZCI6ImE1ZjUzZmEyNWYyZjgyYTM4NDNjNGFmMTFiZDgwMWExIn0.eyJleHAiOjc1ODA4MDIxNzQsInN1YiI6InVzZXI6Ly9zYW5kYm94Ly0xL3ZvbGNhbmljL3ZvbGNhbmljIiwibmJmIjoxNTgwODAyMTc0LCJhdWRpZW5jZSI6WyIqIl0sImlhdCI6MTU4MDgwMjE3NCwiaXNzIjoidm9sY2FuaWNfYXV0aF9zZXJ2aWNlX2FwMiJ9.AVIvFCrEbv34qXniQ-Ot7MXuR9AbXaLnPWQyRAYruCs01nzZt4jxfN3a7lShwyToA5CLB4HQSCaF6JUwZz4tpCeNAO_QTT8oJIZ37SKTuHnzUcOzeSz97O10qtP_qq1aNqF6_b3zht6JmIjnSTuk0U5B2BxGWtRXgcK8QzqELEwJd7JU
      Content-Type:
      - application/json
  response:
    status:
      code: 200
      message: OK
    headers:
      X-Powered-By:
      - Express
      Access-Control-Allow-Origin:
      - "*"
      X-Auth-Request-Id:
      - offline_awsRequestId_8097814968429611
      Content-Type:
      - application/json; charset=utf-8
      Content-Length:
      - '110'
      Etag:
      - W/"6e-0cANChxyn6ETSbGUylBy9jHmFJg"
      Cache-Control:
      - no-cache
      Vary:
      - accept-encoding
      Date:
      - Tue, 04 Feb 2020 07:42:54 GMT
      Connection:
      - keep-alive
    body:
      encoding: UTF-8
      string: '{"requestID":"offline_awsRequestId_8097814968429611","response":{"message":"Successfully
        activated Identity"}}'
    http_version: 
  recorded_at: Tue, 04 Feb 2020 07:42:54 GMT
recorded_with: VCR 5.0.0
